// Jest Snapshot v1, https://goo.gl/fbAQLP

exports[`<NamespacePage /> should render and match the snapshot 1`] = `
<div
  className="mid"
>
  <div
    className="card"
  >
    <div
      className="card-header"
    >
      <h2>
        Explore
      </h2>
      <div
        className="table-responsive"
      >
        <div
          className="sidebar"
        >
          <span
            style={
              Object {
                "color": "#95aac9",
                "fontSize": "0.8125rem",
                "fontWeight": "600",
                "padding": "1rem 1rem 1rem 0",
                "textTransform": "uppercase",
              }
            }
          >
            Namespaces
          </span>
        </div>
        <table
          className="card-table table"
        >
          <thead>
            <tr>
              <th>
                Name
              </th>
              <th>
                Type
              </th>
              <th>
                Status
              </th>
              <th>
                Mode
              </th>
              <th>
                Tags
              </th>
              <th>
                Last Updated
              </th>
            </tr>
          </thead>
          <tbody />
        </table>
      </div>
    </div>
  </div>
</div>
`;
