// Jest Snapshot v1, https://goo.gl/fbAQLP

exports[`<App /> should render and match the snapshot 1`] = `
<CookiesProvider>
  <BrowserRouter>
    <LoginPage />
  </BrowserRouter>
</CookiesProvider>
`;
