// Jest Snapshot v1, https://goo.gl/fbAQLP

exports[`AddEditNodePage Create node page renders with the selected nodeType and namespace 1`] = `HTMLCollection []`;
